// Jest Snapshot v1, https://goo.gl/fbAQLP

exports[`TaxonomySwitcher rendering render switcher w/loading 1`] = `
<Nav
  bsClass="nav"
  className=""
  justified={false}
  navbar={true}
  pullLeft={true}
  pullRight={false}
  stacked={false}
>
  <NavItem
    activeHref=""
    activeKey=""
    className="dropdown org-switcher"
    id="organization-dropdown"
  >
    <a
      className="dropdown-toggle nav-item-iconic"
      data-toggle="dropdown"
      href="#"
    >
      <span
        className="caret"
      />
    </a>
    <ul
      className="dropdown-menu"
    >
      <li
        className="dropdown-header"
      >
        Organization
      </li>
      <li>
        <a
          className="organizations_clear"
          onClick={[Function]}
        >
          Any Organizations
        </a>
      </li>
      <li>
        <a
          className="organizations"
          href="/organizations"
        >
          Manage Organizations
        </a>
      </li>
      <li
        className="divider"
      />
      <li
        key="0"
      >
        <a
          className="org_menuitem"
          data-id="aid_organizations_undefined"
          onClick={[Function]}
        />
      </li>
    </ul>
  </NavItem>
  <NavItem
    activeHref=""
    activeKey=""
    className="dropdown org-switcher"
    id="location-dropdown"
  >
    <a
      className="dropdown-toggle nav-item-iconic"
      data-toggle="dropdown"
      href="#"
    >
      <span
        className="caret"
      />
    </a>
    <ul
      className="dropdown-menu"
    >
      <li
        className="dropdown-header"
      >
        Location
      </li>
      <li>
        <a
          className="locations_clear"
          onClick={[Function]}
        >
          Any Location
        </a>
      </li>
      <li>
        <a
          className="locations"
          href="/locations"
        >
          Manage Locations
        </a>
      </li>
      <li
        className="divider"
      />
      <li
        key="0"
      >
        <a
          className="location_menuitem"
          data-id="aid_locations_undefined"
          onClick={[Function]}
        />
      </li>
    </ul>
  </NavItem>
  <NavItem
    activeHref=""
    activeKey=""
    className=""
    id="vertical-spinner"
  >
    <Spinner
      className=""
      inline={false}
      inverse={true}
      loading={true}
      size="md"
    />
  </NavItem>
</Nav>
`;
