// Jest Snapshot v1, https://goo.gl/fbAQLP

exports[`Editor rendering renders editor 1`] = `
<div
  id="editor-container"
>
  <EditorNavbar
    changeDiffViewType={[Function]}
    changeSetting={[Function]}
    changeTab={[Function]}
    diffViewType="split"
    hosts={
      Object {
        "host1": 1,
        "host2": 2,
      }
    }
    importFile={[Function]}
    isDiff={true}
    isMasked={false}
    isRendering={false}
    keyBinding="Default"
    keyBindings={
      Array [
        "Default",
        "Emacs",
        "Vim",
      ]
    }
    mode="Ruby"
    modes={
      Array [
        "Text",
        "Json",
        "Ruby",
        "Html_ruby",
        "Sh",
        "Xml",
        "Yaml",
      ]
    }
    previewTemplate={[Function]}
    renderPath=""
    revertChanges={[Function]}
    selectedView="input"
    showHide={true}
    showImport={true}
    showPreview={true}
    template="<? />"
    theme="Monokai"
    themes={
      Array [
        "Github",
        "Monokai",
      ]
    }
    toggleMaskValue={[Function]}
    toggleModal={[Function]}
    toggleRenderView={[Function]}
    value="value"
  />
  <ToastNotification
    className=""
    id="preview_error_toast"
    onDismiss={[Function]}
    type="error"
  />
  <EditorView
    className="ace_editor_form"
    isMasked={false}
    key="editorView"
    keyBinding="Default"
    mode="Ruby"
    name="editor"
    onChange={[Function]}
    readOnly={false}
    theme="Monokai"
    value="value"
  />
  <div
    className="hidden"
    id="diff-table"
  >
    <DiffView
      newText="value"
      oldText="<? />"
      patch=""
      viewType="split"
    />
  </div>
  <EditorModal
    changeDiffViewType={[Function]}
    changeEditorValue={[Function]}
    diffViewType="split"
    editorValue="value"
    isMasked={false}
    isMaximized={false}
    key="editorModal"
    keyBinding="Default"
    mode="Ruby"
    name="editor"
    readOnly={false}
    selectedView="input"
    template="<? />"
    theme="Monokai"
    title="title"
    toggleModal={[Function]}
  />
  <textarea
    className="hidden"
    name="editor"
    readOnly={true}
    value="value"
  />
</div>
`;
