// Jest Snapshot v1, https://goo.gl/fbAQLP

exports[`EditorRadioButton renders EditorRadioButton 1`] = `
<Button
  active={false}
  block={false}
  bsClass="btn"
  bsStyle="primary"
  className="editor-button active"
  disabled={false}
  id="input-btn"
  onClick={[Function]}
>
  Editor
</Button>
`;
