// Jest Snapshot v1, https://goo.gl/fbAQLP

exports[`EditorOptions EditorOptions renders EditorOptions 1`] = `
<div
  id="editor-dropdowns"
>
  <OnClickOutside(TypeaheadContainer(WrappedTypeahead))
    align="justify"
    className="hidden"
    clearButton={true}
    eventTypes={
      Array [
        "mousedown",
        "touchstart",
      ]
    }
    excludeScrollbar={false}
    key="previewTypeAhead"
    labelKey="host"
    onChange={[Function]}
    options={
      Array [
        "host1",
        "host2",
      ]
    }
    outsideClickIgnoreClass="ignore-react-onclickoutside"
    placeholder="Pick a Host..."
    preventDefault={false}
    stopPropagation={false}
  />
  <h4
    id="divider"
  >
    |
  </h4>
  <OverlayTrigger
    defaultOverlayShown={false}
    delayShow={500}
    overlay={
      <Tooltip
        bsClass="tooltip"
        id="mask-tooltip"
        placement="right"
      >
        Hide Content
      </Tooltip>
    }
    placement="top"
    trigger={
      Array [
        "hover",
      ]
    }
  >
    <Button
      active={false}
      block={false}
      bsClass="btn"
      bsStyle="link"
      className="editor-button"
      disabled={false}
      id="hide-btn"
      onClick={[Function]}
    >
      <Icon
        name="eye-slash"
        size="lg"
        type="fa"
      />
    </Button>
  </OverlayTrigger>
  <OverlayTrigger
    defaultOverlayShown={false}
    delayShow={500}
    overlay={
      <Tooltip
        bsClass="tooltip"
        id="revert-tooltip"
        placement="right"
      >
        Revert Local Changes
      </Tooltip>
    }
    placement="top"
    trigger={
      Array [
        "hover",
      ]
    }
  >
    <Button
      active={false}
      block={false}
      bsClass="btn"
      bsStyle="link"
      className="editor-button"
      disabled={false}
      id="undo-btn"
      onClick={[Function]}
    >
      <Icon
        name="restart"
        size="2x"
        type="pf"
      />
    </Button>
  </OverlayTrigger>
  <OverlayTrigger
    defaultOverlayShown={false}
    delayShow={500}
    overlay={
      <Tooltip
        bsClass="tooltip"
        id="import-tooltip"
        placement="right"
      >
        Import File
      </Tooltip>
    }
    placement="top"
    trigger={
      Array [
        "hover",
      ]
    }
  >
    <Button
      active={false}
      block={false}
      bsClass="btn"
      bsStyle="link"
      className="import-button"
      disabled={false}
      id="import-btn"
      onClick={[Function]}
    >
      <Icon
        name="folder-open"
        size="lg"
        type="pf"
      />
      <FormControl
        bsClass="form-control"
        className="hidden"
        componentClass="input"
        inputRef={[Function]}
        onChange={[Function]}
        type="file"
      />
    </Button>
  </OverlayTrigger>
  <OverlayTrigger
    defaultOverlayShown={false}
    overlay={
      <Popover
        bsClass="popover"
        id="popover-settings"
        placement="bottom"
        title="Settings"
      >
        <div>
          <Uncontrolled(Dropdown)
            id="mode-dropdown"
          >
            <DropdownToggle
              bsClass="dropdown-toggle"
              bsRole="toggle"
              bsStyle="link"
              open={false}
              useAnchor={false}
            >
              Ruby
            </DropdownToggle>
            <DropdownMenu
              bsClass="dropdown-menu"
              bsRole="menu"
              id="settings-dropdown"
              pullRight={false}
            >
              <li
                className="dropdown-header"
              >
                SYNTAX
              </li>
              <MenuItem
                bsClass="dropdown"
                disabled={false}
                divider={true}
                header={false}
              />
              <MenuItem
                bsClass="dropdown"
                disabled={false}
                divider={false}
                header={false}
                onClick={[Function]}
              >
                Text
              </MenuItem>
              <MenuItem
                bsClass="dropdown"
                disabled={false}
                divider={false}
                header={false}
                onClick={[Function]}
              >
                Json
              </MenuItem>
              <MenuItem
                bsClass="dropdown"
                disabled={false}
                divider={false}
                header={false}
                onClick={[Function]}
              >
                Ruby
              </MenuItem>
              <MenuItem
                bsClass="dropdown"
                disabled={false}
                divider={false}
                header={false}
                onClick={[Function]}
              >
                Html_ruby
              </MenuItem>
              <MenuItem
                bsClass="dropdown"
                disabled={false}
                divider={false}
                header={false}
                onClick={[Function]}
              >
                Sh
              </MenuItem>
              <MenuItem
                bsClass="dropdown"
                disabled={false}
                divider={false}
                header={false}
                onClick={[Function]}
              >
                Xml
              </MenuItem>
              <MenuItem
                bsClass="dropdown"
                disabled={false}
                divider={false}
                header={false}
                onClick={[Function]}
              >
                Yaml
              </MenuItem>
            </DropdownMenu>
          </Uncontrolled(Dropdown)>
        </div>
        <div>
          <Uncontrolled(Dropdown)
            id="keybindings-dropdown"
          >
            <DropdownToggle
              bsClass="dropdown-toggle"
              bsRole="toggle"
              bsStyle="link"
              open={false}
              useAnchor={false}
            >
              Default
            </DropdownToggle>
            <DropdownMenu
              bsClass="dropdown-menu"
              bsRole="menu"
              id="settings-dropdown"
              pullRight={false}
            >
              <li
                className="dropdown-header"
              >
                KEYBIND
              </li>
              <MenuItem
                bsClass="dropdown"
                disabled={false}
                divider={true}
                header={false}
              />
              <MenuItem
                bsClass="dropdown"
                disabled={false}
                divider={false}
                header={false}
                onClick={[Function]}
              >
                Default
              </MenuItem>
              <MenuItem
                bsClass="dropdown"
                disabled={false}
                divider={false}
                header={false}
                onClick={[Function]}
              >
                Emacs
              </MenuItem>
              <MenuItem
                bsClass="dropdown"
                disabled={false}
                divider={false}
                header={false}
                onClick={[Function]}
              >
                Vim
              </MenuItem>
            </DropdownMenu>
          </Uncontrolled(Dropdown)>
        </div>
        <div>
          <Uncontrolled(Dropdown)
            id="themes-dropdown"
          >
            <DropdownToggle
              bsClass="dropdown-toggle"
              bsRole="toggle"
              bsStyle="link"
              open={false}
              useAnchor={false}
            >
              Monokai
            </DropdownToggle>
            <DropdownMenu
              bsClass="dropdown-menu"
              bsRole="menu"
              id="settings-dropdown"
              pullRight={false}
            >
              <li
                className="dropdown-header"
              >
                THEME
              </li>
              <MenuItem
                bsClass="dropdown"
                disabled={false}
                divider={true}
                header={false}
              />
              <MenuItem
                bsClass="dropdown"
                disabled={false}
                divider={false}
                header={false}
                onClick={[Function]}
              >
                Github
              </MenuItem>
              <MenuItem
                bsClass="dropdown"
                disabled={false}
                divider={false}
                header={false}
                onClick={[Function]}
              >
                Monokai
              </MenuItem>
            </DropdownMenu>
          </Uncontrolled(Dropdown)>
        </div>
      </Popover>
    }
    placement="bottom"
    rootClose={true}
    trigger={
      Array [
        "click",
      ]
    }
  >
    <Button
      active={false}
      block={false}
      bsClass="btn"
      bsStyle="link"
      className="editor-button"
      disabled={false}
      id="cog-btn"
    >
      <Icon
        name="cog"
        size="lg"
        type="fa"
      />
    </Button>
  </OverlayTrigger>
  <OverlayTrigger
    defaultOverlayShown={false}
    delayShow={500}
    overlay={
      <Tooltip
        bsClass="tooltip"
        id="fullscreen-tooltip"
        placement="right"
      >
        Maximize
      </Tooltip>
    }
    placement="top"
    trigger={
      Array [
        "hover",
      ]
    }
  >
    <Button
      active={false}
      block={false}
      bsClass="btn"
      bsStyle="link"
      className="editor-button"
      disabled={false}
      id="fullscreen-btn"
      onClick={[Function]}
    >
      <Icon
        name="arrows-alt"
        size="lg"
        type="fa"
      />
    </Button>
  </OverlayTrigger>
</div>
`;
